// Jest Snapshot v1, https://goo.gl/fbAQLP

exports[`it matches snapshot 1`] = `
<DocumentFragment>
  <div>
    <p>
      Sytling for props goes here
    </p>
  </div>
</DocumentFragment>
`;
